../Libraries/Time_Circuits/datetime_display.c:110:29:dateTime_display_init	24	static
../Libraries/Time_Circuits/datetime_display.c:123:27:dateTime_setDateTimeMonth	16	static
../Libraries/Time_Circuits/datetime_display.c:138:27:dateTime_setDateTimeDay	24	static
../Libraries/Time_Circuits/datetime_display.c:164:27:dateTime_setDateTimeYear	16	static
../Libraries/Time_Circuits/datetime_display.c:174:27:dateTime_setDateTimeHour	24	static
../Libraries/Time_Circuits/datetime_display.c:206:27:dateTime_setDateTimeMinute	16	static
../Libraries/Time_Circuits/datetime_display.c:222:27:dateTime_setDisplayData	24	static
../Libraries/Time_Circuits/datetime_display.c:236:29:dateTime_getRtcDateTimeData	32	static
../Libraries/Time_Circuits/datetime_display.c:253:29:dateTime_setRtcDateTimeData	32	static
../Libraries/Time_Circuits/datetime_display.c:268:27:dateTime_copyDateTime	24	static
../Libraries/Time_Circuits/datetime_display.c:278:27:dateTime_clearDisplay	32	static
../Libraries/Time_Circuits/datetime_display.c:301:27:dateTime_setLed	32	static
../Libraries/Time_Circuits/datetime_display.c:317:27:dateTime_toggleTimeColon	32	static
../Libraries/Time_Circuits/datetime_display.c:337:27:dateTime_setDigitSegments	40	static
../Libraries/Time_Circuits/datetime_display.c:368:27:dateTime_setAlphaSegments	24	static
../Libraries/Time_Circuits/datetime_display.c:380:27:dateTime_updateDisplayGlitch	32	static
../Libraries/Time_Circuits/datetime_display.c:411:27:dateTime_convertDateTimeToChar	32	static
../Libraries/Time_Circuits/datetime_display.c:439:27:dateTime_updateDisplay	32	static
