../Libraries/Time_Circuits/timecircuit_control.c:124:31:timeCircuit_control_init	32	static
../Libraries/Time_Circuits/timecircuit_control.c:167:30:timeCircuit_control_deInit	16	static
../Libraries/Time_Circuits/timecircuit_control.c:174:30:timeCircuit_control_clearDisplays	24	static
../Libraries/Time_Circuits/timecircuit_control.c:185:30:timeCircuit_control_setDefaultDateTimes	24	static
../Libraries/Time_Circuits/timecircuit_control.c:196:30:timeCircuit_control_updateDisplays	24	static
../Libraries/Time_Circuits/timecircuit_control.c:207:30:timeCircuit_control_checkButtonActivation	32	static
../Libraries/Time_Circuits/timecircuit_control.c:227:30:timeCircuit_control_readInputDateTime	144	static
../Libraries/Time_Circuits/timecircuit_control.c:341:30:timeCircuit_control_getRtcDateTime	24	static
../Libraries/Time_Circuits/timecircuit_control.c:357:30:timeCircuit_control_setRtcDateTime	24	static
../Libraries/Time_Circuits/timecircuit_control.c:380:30:timeCircuit_control_getRTCMinute	24	static
../Libraries/Time_Circuits/timecircuit_control.c:394:30:timeCircuit_control_saveDateTimes	72	static
../Libraries/Time_Circuits/timecircuit_control.c:414:30:timeCircuit_control_updateStartUpDateTimes	80	static
../Libraries/Time_Circuits/timecircuit_control.c:456:30:timeCircuit_control_setDefaultDisplays	24	static
../Libraries/Time_Circuits/timecircuit_control.c:471:30:timeCircuit_control_updatePresentDateTime	24	static
../Libraries/Time_Circuits/timecircuit_control.c:499:30:timeCircuit_control_updateTimeTravelDateTimes	32	static
../Libraries/Time_Circuits/timecircuit_control.c:545:30:timeCircuit_control_updateDestinationDateTime	32	static
../Libraries/Time_Circuits/timecircuit_control.c:592:30:timeCircuit_control_updateGlitch	24	static
../Libraries/Time_Circuits/timecircuit_control.c:680:30:timeCircuit__setColonState	24	static
../Libraries/Time_Circuits/timecircuit_control.c:692:30:timeCircuit__toggleTimeColon	24	static
../Libraries/Time_Circuits/timecircuit_control.c:714:30:timeCircuit_control_update	24	static
