../Libraries/Time_Circuits/timecircuit_control.c:104:31:timeCircuit_control_init	32	static
../Libraries/Time_Circuits/timecircuit_control.c:144:30:timeCircuit_control_deInit	16	static
../Libraries/Time_Circuits/timecircuit_control.c:151:30:timeCircuit_control_clearDisplays	24	static
../Libraries/Time_Circuits/timecircuit_control.c:162:30:timeCircuit_control_setDefaultDateTimes	24	static
../Libraries/Time_Circuits/timecircuit_control.c:173:30:timeCircuit_control_updateDisplays	24	static
../Libraries/Time_Circuits/timecircuit_control.c:184:30:timeCircuit_control_checkButtonActivation	32	static
../Libraries/Time_Circuits/timecircuit_control.c:204:30:timeCircuit_control_readInputDateTime	24	static
../Libraries/Time_Circuits/timecircuit_control.c:266:30:timeCircuit_control_getRtcDateTime	24	static
../Libraries/Time_Circuits/timecircuit_control.c:277:30:timeCircuit_control_setRtcDateTime	24	static
../Libraries/Time_Circuits/timecircuit_control.c:294:30:timeCircuit_control_saveDateTimes	72	static
../Libraries/Time_Circuits/timecircuit_control.c:314:30:timeCircuit_control_updateStartUpDateTimes	80	static
../Libraries/Time_Circuits/timecircuit_control.c:356:30:timeCircuit_control_setDefaultDisplays	24	static
../Libraries/Time_Circuits/timecircuit_control.c:371:30:timeCircuit_control_updatePresentDateTime	24	static
../Libraries/Time_Circuits/timecircuit_control.c:397:30:timeCircuit_control_updateTimeTravelDateTimes	24	static
../Libraries/Time_Circuits/timecircuit_control.c:440:30:timeCircuit_control_updateDestinationDateTime	24	static
../Libraries/Time_Circuits/timecircuit_control.c:484:30:timeCircuit_control_updateGlitch	24	static
../Libraries/Time_Circuits/timecircuit_control.c:545:30:timeCircuit__toggleTimeColon	24	static
../Libraries/Time_Circuits/timecircuit_control.c:572:30:timeCircuit_control_update	24	static
