../Libraries/Time_Circuits/timecircuit_control.c:125:31:timeCircuit_control_init	32	static
../Libraries/Time_Circuits/timecircuit_control.c:173:30:timeCircuit_control_deInit	16	static
../Libraries/Time_Circuits/timecircuit_control.c:180:30:timeCircuit_control_clearDisplays	24	static
../Libraries/Time_Circuits/timecircuit_control.c:191:30:timeCircuit_control_setDefaultDateTimes	24	static
../Libraries/Time_Circuits/timecircuit_control.c:202:30:timeCircuit_control_updateDisplays	24	static
../Libraries/Time_Circuits/timecircuit_control.c:213:30:timeCircuit_control_checkButtonActivation	32	static
../Libraries/Time_Circuits/timecircuit_control.c:233:30:timeCircuit_control_readInputDateTime	144	static
../Libraries/Time_Circuits/timecircuit_control.c:347:30:timeCircuit_control_getRtcDateTime	24	static
../Libraries/Time_Circuits/timecircuit_control.c:366:30:timeCircuit_control_setRtcDateTime	24	static
../Libraries/Time_Circuits/timecircuit_control.c:392:30:timeCircuit_control_getRTCMinute	24	static
../Libraries/Time_Circuits/timecircuit_control.c:412:30:timeCircuit_control_saveDateTimes	72	static
../Libraries/Time_Circuits/timecircuit_control.c:432:30:timeCircuit_control_updateStartUpDateTimes	80	static
../Libraries/Time_Circuits/timecircuit_control.c:474:30:timeCircuit_control_setDefaultDisplays	24	static
../Libraries/Time_Circuits/timecircuit_control.c:489:30:timeCircuit_control_updatePresentDateTime	24	static
../Libraries/Time_Circuits/timecircuit_control.c:517:30:timeCircuit_control_updateTimeTravelDateTimes	32	static
../Libraries/Time_Circuits/timecircuit_control.c:563:30:timeCircuit_control_updateDestinationDateTime	32	static
../Libraries/Time_Circuits/timecircuit_control.c:610:30:timeCircuit_control_updateGlitch	24	static
../Libraries/Time_Circuits/timecircuit_control.c:698:30:timeCircuit__setColonState	24	static
../Libraries/Time_Circuits/timecircuit_control.c:710:30:timeCircuit__toggleTimeColon	24	static
../Libraries/Time_Circuits/timecircuit_control.c:732:30:timeCircuit_control_update	24	static
